// Jest Snapshot v1, https://goo.gl/fbAQLP

exports[`<About /> should match snapshot 1`] = `
<Root>
  <Provider
    store={
      Object {
        "dispatch": [Function],
        "getState": [Function],
        "replaceReducer": [Function],
        "subscribe": [Function],
        Symbol(observable): [Function],
      }
    }
  >
    <About>
      <h1>
        About
      </h1>
    </About>
  </Provider>
</Root>
`;
