// Jest Snapshot v1, https://goo.gl/fbAQLP

exports[`<Person /> should match snapshot 1`] = `
<Root>
  <Provider
    store={
      Object {
        "dispatch": [Function],
        "getState": [Function],
        "replaceReducer": [Function],
        "subscribe": [Function],
        Symbol(observable): [Function],
      }
    }
  >
    <Person>
      <div
        className="person"
      >
        <h1>
          Person
        </h1>
      </div>
    </Person>
  </Provider>
</Root>
`;
