// Jest Snapshot v1, https://goo.gl/fbAQLP

exports[`<Grid /> should match snapshot 1`] = `
.c0 {
  display: grid;
  grid-template-columns: auto;
  grid-template-rows: auto;
  grid-column-gap: 0;
  grid-row-gap: 25px;
}

@media (min-width:36em) {
  .c0 {
    grid-template-columns: 50% 50%;
    grid-column-gap: 5px;
  }
}

@media (min-width:62em) {
  .c0 {
    grid-template-columns: 24% 24% 24% 24%;
    grid-column-gap: 15px;
  }
}

@media (min-width:80em) {
  .c0 {
    grid-template-columns: 19% 19% 19% 19% 19%;
  }
}

<Grid>
  <styled.div>
    <StyledComponent
      forwardedComponent={
        Object {
          "$$typeof": Symbol(react.forward_ref),
          "attrs": Array [],
          "componentStyle": ComponentStyle {
            "componentId": "sc-bwzfXH",
            "isStatic": true,
            "lastClassName": "c0",
            "rules": Array [
              "
  display: grid;
  grid-template-columns: auto;
  grid-template-rows: auto; 
  grid-column-gap: 0;
  grid-row-gap: 25px;

  ",
              "
    @media (min-width: ",
              "36",
              "em) {
      ",
              "
    grid-template-columns: 50% 50%;
    grid-column-gap: 5px;
  ",
              "
    }
  ",
              "

  ",
              "
    @media (min-width: ",
              "62",
              "em) {
      ",
              "
    grid-template-columns: 24% 24% 24% 24%;
    grid-column-gap: 15px;
  ",
              "
    }
  ",
              "

  ",
              "
    @media (min-width: ",
              "80",
              "em) {
      ",
              "
    grid-template-columns: 19% 19% 19% 19% 19%;
  ",
              "
    }
  ",
              "
",
            ],
          },
          "displayName": "styled.div",
          "foldedComponentIds": Array [],
          "render": [Function],
          "styledComponentId": "sc-bwzfXH",
          "target": "div",
          "toString": [Function],
          "warnTooManyClasses": [Function],
          "withComponent": [Function],
        }
      }
      forwardedRef={null}
    >
      <div
        className="c0"
      >
        &lt;div&gt;&lt;/div&gt;
      </div>
    </StyledComponent>
  </styled.div>
</Grid>
`;
