// Jest Snapshot v1, https://goo.gl/fbAQLP

exports[`<NotFound /> should match snapshot 1`] = `
<Root>
  <Provider
    store={
      Object {
        "dispatch": [Function],
        "getState": [Function],
        "replaceReducer": [Function],
        "subscribe": [Function],
        Symbol(observable): [Function],
      }
    }
  >
    <NotFound>
      <h1>
        Not Found Page :/
      </h1>
    </NotFound>
  </Provider>
</Root>
`;
